Apr-25 09:32:12.124 [main] DEBUG nextflow.cli.Launcher - $> nextflow run main.nf --permutation_test --age_annotated_bed ../../data/encode/t2t_repeats_age_included.bed --fai work/test/chm13v2.0.fa.fai --OUTPUT real_output -resume -with-docker 'ubuntu:22.04'
Apr-25 09:32:12.291 [main] INFO  nextflow.cli.CmdRun - N E X T F L O W  ~  version 22.10.6
Apr-25 09:32:12.319 [main] DEBUG nextflow.plugin.PluginsFacade - Setting up plugin manager > mode=prod; embedded=false; plugins-dir=/home/vikas/.nextflow/plugins; core-plugins: nf-amazon@1.11.3,nf-azure@0.14.2,nf-codecommit@0.1.2,nf-console@1.0.4,nf-ga4gh@1.0.4,nf-google@1.4.5,nf-tower@1.5.6,nf-wave@0.5.3
Apr-25 09:32:12.331 [main] INFO  org.pf4j.DefaultPluginStatusProvider - Enabled plugins: []
Apr-25 09:32:12.332 [main] INFO  org.pf4j.DefaultPluginStatusProvider - Disabled plugins: []
Apr-25 09:32:12.335 [main] INFO  org.pf4j.DefaultPluginManager - PF4J version 3.4.1 in 'deployment' mode
Apr-25 09:32:12.350 [main] INFO  org.pf4j.AbstractPluginManager - No plugins
Apr-25 09:32:12.381 [main] DEBUG nextflow.config.ConfigBuilder - Found config local: /media/vikas/fast/data/TEBAG/publication/scripts/evoproj/nextflow.config
Apr-25 09:32:12.382 [main] DEBUG nextflow.config.ConfigBuilder - Parsing config file: /media/vikas/fast/data/TEBAG/publication/scripts/evoproj/nextflow.config
Apr-25 09:32:12.402 [main] DEBUG nextflow.config.ConfigBuilder - Applying config profile: `standard`
Apr-25 09:32:13.216 [main] DEBUG nextflow.config.ConfigBuilder - Enabling execution in Docker container as requested by command-line option `-with-docker ubuntu:22.04`
Apr-25 09:32:13.223 [main] DEBUG nextflow.cli.CmdRun - Applied DSL=2 from script declararion
Apr-25 09:32:13.240 [main] INFO  nextflow.cli.CmdRun - Launching `main.nf` [cranky_volhard] DSL2 - revision: b13b146ba1
Apr-25 09:32:13.241 [main] DEBUG nextflow.plugin.PluginsFacade - Plugins default=[]
Apr-25 09:32:13.241 [main] DEBUG nextflow.plugin.PluginsFacade - Plugins resolved requirement=[nf-tower@1.5.6]
Apr-25 09:32:13.241 [main] DEBUG nextflow.plugin.PluginUpdater - Installing plugin nf-tower version: 1.5.6
Apr-25 09:32:13.249 [main] INFO  org.pf4j.AbstractPluginManager - Plugin 'nf-tower@1.5.6' resolved
Apr-25 09:32:13.249 [main] INFO  org.pf4j.AbstractPluginManager - Start plugin 'nf-tower@1.5.6'
Apr-25 09:32:13.264 [main] DEBUG nextflow.plugin.BasePlugin - Plugin started nf-tower@1.5.6
Apr-25 09:32:13.276 [main] DEBUG nextflow.secret.LocalSecretsProvider - Secrets store: /home/vikas/.nextflow/secrets/store.json
Apr-25 09:32:13.280 [main] DEBUG nextflow.secret.SecretsLoader - Discovered secrets providers: [nextflow.secret.LocalSecretsProvider@6d5c2745] - activable => nextflow.secret.LocalSecretsProvider@6d5c2745
Apr-25 09:32:13.349 [main] DEBUG nextflow.Session - Session UUID: 776a2f65-971c-4ad6-8701-b60b9d351a7c
Apr-25 09:32:13.349 [main] DEBUG nextflow.Session - Run name: cranky_volhard
Apr-25 09:32:13.349 [main] DEBUG nextflow.Session - Executor pool size: 16
Apr-25 09:32:13.361 [main] DEBUG nextflow.util.ThreadPoolBuilder - Creating thread pool 'FileTransfer' minSize=10; maxSize=48; workQueue=LinkedBlockingQueue[10000]; allowCoreThreadTimeout=false
Apr-25 09:32:13.399 [main] DEBUG nextflow.cli.CmdRun - 
  Version: 22.10.6 build 5843
  Created: 23-01-2023 23:20 UTC (15:20 PDT)
  System: Linux 5.15.0-134-generic
  Runtime: Groovy 3.0.13 on OpenJDK 64-Bit Server VM 11.0.26+4-post-Ubuntu-1ubuntu120.04
  Encoding: UTF-8 (UTF-8)
  Process: 319932@vikas-System-Product-Name [127.0.1.1]
  CPUs: 16 - Mem: 94.2 GB (52.7 GB) - Swap: 2 GB (2 GB)
Apr-25 09:32:13.453 [main] DEBUG nextflow.Session - Work-dir: /media/vikas/fast/data/TEBAG/publication/scripts/evoproj/work [ext2/ext3]
Apr-25 09:32:13.473 [main] DEBUG nextflow.executor.ExecutorFactory - Extension executors providers=[]
Apr-25 09:32:13.487 [main] DEBUG nextflow.Session - Observer factory: DefaultObserverFactory
Apr-25 09:32:13.490 [main] DEBUG nextflow.Session - Observer factory: TowerFactory
Apr-25 09:32:13.514 [main] DEBUG nextflow.cache.CacheFactory - Using Nextflow cache factory: nextflow.cache.DefaultCacheFactory
Apr-25 09:32:13.527 [main] DEBUG nextflow.util.CustomThreadPool - Creating default thread pool > poolSize: 17; maxThreads: 1000
Apr-25 09:32:13.614 [main] DEBUG nextflow.Session - Session start
Apr-25 09:32:14.215 [main] DEBUG nextflow.script.ScriptRunner - > Launching execution
Apr-25 09:32:14.775 [main] DEBUG nextflow.executor.ExecutorFactory - << taskConfig executor: null
Apr-25 09:32:14.776 [main] DEBUG nextflow.executor.ExecutorFactory - >> processorType: 'local'
Apr-25 09:32:14.788 [main] DEBUG nextflow.executor.Executor - [warm up] executor > local
Apr-25 09:32:14.797 [main] DEBUG n.processor.LocalPollingMonitor - Creating local task monitor for executor 'local' > cpus=16; memory=94.2 GB; capacity=16; pollInterval=100ms; dumpInterval=5m
Apr-25 09:32:14.919 [main] DEBUG nextflow.executor.ExecutorFactory - << taskConfig executor: null
Apr-25 09:32:14.920 [main] DEBUG nextflow.executor.ExecutorFactory - >> processorType: 'local'
Apr-25 09:32:14.925 [main] DEBUG nextflow.Session - Workflow process names [dsl2]: Hal2chain_from_human, Runpermutation, LiftOver, Splitbed, Hal2chain_to_human, Evo_intersect, Upset_plot, LiftOver_hal, Evo_match
Apr-25 09:32:14.926 [main] DEBUG nextflow.Session - Igniting dataflow network (4)
Apr-25 09:32:14.932 [main] DEBUG nextflow.processor.TaskProcessor - Starting process > Splitbed
Apr-25 09:32:14.934 [main] DEBUG nextflow.processor.TaskProcessor - Starting process > Runpermutation
Apr-25 09:32:14.935 [main] DEBUG nextflow.script.ScriptRunner - > Awaiting termination 
Apr-25 09:32:14.935 [main] DEBUG nextflow.Session - Session await
Apr-25 09:32:14.940 [PathVisitor-1] DEBUG nextflow.plugin.PluginUpdater - Installing plugin nf-amazon version: 1.11.3
Apr-25 09:32:14.948 [PathVisitor-1] INFO  org.pf4j.AbstractPluginManager - Plugin 'nf-amazon@1.11.3' resolved
Apr-25 09:32:14.949 [PathVisitor-1] INFO  org.pf4j.AbstractPluginManager - Start plugin 'nf-amazon@1.11.3'
Apr-25 09:32:14.975 [PathVisitor-1] DEBUG nextflow.plugin.BasePlugin - Plugin started nf-amazon@1.11.3
Apr-25 09:32:15.000 [PathVisitor-1] DEBUG nextflow.file.FileHelper - > Added 'S3FileSystemProvider' to list of installed providers [s3]
Apr-25 09:32:15.000 [PathVisitor-1] DEBUG nextflow.file.FileHelper - Started plugin 'nf-amazon' required to handle file: s3://human-pangenomics/T2T/CHM13/assemblies/annotation/regulation/ENCODE/macs2_peak/*.bb
Apr-25 09:32:15.015 [PathVisitor-1] DEBUG nextflow.file.FileHelper - Creating a file system instance for provider: S3FileSystemProvider
Apr-25 09:32:15.035 [PathVisitor-1] DEBUG nextflow.file.FileHelper - AWS S3 config details: {anonymous=true, region=us-west-2, max_error_retry=5, download_parallel=true}
Apr-25 09:32:15.306 [PathVisitor-1] DEBUG c.u.s3fs.S3FileSystemProvider - Creating AWS S3 client with anonymous credentials
Apr-25 09:32:15.415 [Actor Thread 9] INFO  nextflow.processor.TaskProcessor - [52/b0f86e] Cached process > Splitbed (1)
Apr-25 09:32:15.660 [PathVisitor-1] DEBUG nextflow.file.PathVisitor - files for syntax: glob; folder: /human-pangenomics/T2T/CHM13/assemblies/annotation/regulation/ENCODE/macs2_peak/; pattern: *.bb; options: [:]
Apr-25 09:32:16.653 [Actor Thread 9] DEBUG nextflow.util.ThreadPoolBuilder - Creating thread pool 'PublishDir' minSize=10; maxSize=48; workQueue=LinkedBlockingQueue[10000]; allowCoreThreadTimeout=false
Apr-25 09:32:25.410 [FileTransfer-1] DEBUG nextflow.file.FilePorter - Local cache found for foreign file s3://human-pangenomics/T2T/CHM13/assemblies/annotation/regulation/ENCODE/macs2_peak/chm13v2.0_22Rv1.CTCF.bb at /media/vikas/fast/data/TEBAG/publication/scripts/evoproj/work/stage-776a2f65-971c-4ad6-8701-b60b9d351a7c/4d/f9d87fcc1529803b43e8a97b331f23/chm13v2.0_22Rv1.CTCF.bb
Apr-25 09:32:25.410 [FileTransfer-2] DEBUG nextflow.file.FilePorter - Local cache found for foreign file s3://human-pangenomics/T2T/CHM13/assemblies/annotation/regulation/ENCODE/macs2_peak/chm13v2.0_C4-2B.CTCF.bb at /media/vikas/fast/data/TEBAG/publication/scripts/evoproj/work/stage-776a2f65-971c-4ad6-8701-b60b9d351a7c/ff/0e678dfeafee84a1fe2ffc1ed4cf31/chm13v2.0_C4-2B.CTCF.bb
Apr-25 09:32:25.411 [FileTransfer-4] DEBUG nextflow.file.FilePorter - Local cache found for foreign file s3://human-pangenomics/T2T/CHM13/assemblies/annotation/regulation/ENCODE/macs2_peak/chm13v2.0_RWPE2.CTCF.bb at /media/vikas/fast/data/TEBAG/publication/scripts/evoproj/work/stage-776a2f65-971c-4ad6-8701-b60b9d351a7c/71/c759670aefc823fcaa8c1e2960c291/chm13v2.0_RWPE2.CTCF.bb
Apr-25 09:32:25.411 [FileTransfer-3] DEBUG nextflow.file.FilePorter - Local cache found for foreign file s3://human-pangenomics/T2T/CHM13/assemblies/annotation/regulation/ENCODE/macs2_peak/chm13v2.0_RWPE1.CTCF.bb at /media/vikas/fast/data/TEBAG/publication/scripts/evoproj/work/stage-776a2f65-971c-4ad6-8701-b60b9d351a7c/b8/ae7723508e57e7cf55ddb7e9d24ae7/chm13v2.0_RWPE1.CTCF.bb
Apr-25 09:32:25.411 [FileTransfer-5] DEBUG nextflow.file.FilePorter - Local cache found for foreign file s3://human-pangenomics/T2T/CHM13/assemblies/annotation/regulation/ENCODE/macs2_peak/chm13v2.0_VCaP.CTCF.bb at /media/vikas/fast/data/TEBAG/publication/scripts/evoproj/work/stage-776a2f65-971c-4ad6-8701-b60b9d351a7c/b9/2223d7db860bc50bf501b69535d00b/chm13v2.0_VCaP.CTCF.bb
Apr-25 09:32:25.412 [FileTransfer-6] DEBUG nextflow.file.FilePorter - Local cache found for foreign file s3://human-pangenomics/T2T/CHM13/assemblies/annotation/regulation/ENCODE/macs2_peak/chm13v2.0_epithelial_cell_of_prostate_male.CTCF.bb at /media/vikas/fast/data/TEBAG/publication/scripts/evoproj/work/stage-776a2f65-971c-4ad6-8701-b60b9d351a7c/f3/9e9b0ad0e9ab977f6bfac9e7c405f9/chm13v2.0_epithelial_cell_of_prostate_male.CTCF.bb
Apr-25 09:32:25.497 [Task submitter] DEBUG n.executor.local.LocalTaskHandler - Launch cmd line: /bin/bash -ue .command.run
Apr-25 09:32:25.499 [Task submitter] INFO  nextflow.Session - [f6/b58d78] Submitted process > Runpermutation (16)
Apr-25 09:32:25.511 [Task submitter] DEBUG n.executor.local.LocalTaskHandler - Launch cmd line: /bin/bash -ue .command.run
Apr-25 09:32:25.512 [Task submitter] INFO  nextflow.Session - [9e/3e2bc4] Submitted process > Runpermutation (8)
Apr-25 09:33:14.304 [Task monitor] DEBUG n.processor.TaskPollingMonitor - Task completed > TaskHandler[id: 17; name: Runpermutation (16); status: COMPLETED; exit: 0; error: -; workDir: /media/vikas/fast/data/TEBAG/publication/scripts/evoproj/work/f6/b58d786fa08bd0957ca16c8ae2c14c]
Apr-25 09:33:14.309 [Task submitter] DEBUG n.executor.local.LocalTaskHandler - Launch cmd line: /bin/bash -ue .command.run
Apr-25 09:33:14.310 [Task submitter] INFO  nextflow.Session - [92/71abbb] Submitted process > Runpermutation (11)
Apr-25 09:33:58.661 [Task monitor] DEBUG n.processor.TaskPollingMonitor - Task completed > TaskHandler[id: 9; name: Runpermutation (8); status: COMPLETED; exit: 0; error: -; workDir: /media/vikas/fast/data/TEBAG/publication/scripts/evoproj/work/9e/3e2bc43b9b1f38fd30d7a977f2e8ed]
Apr-25 09:33:58.667 [Task submitter] DEBUG n.executor.local.LocalTaskHandler - Launch cmd line: /bin/bash -ue .command.run
Apr-25 09:33:58.668 [Task submitter] INFO  nextflow.Session - [80/6966e9] Submitted process > Runpermutation (1)
Apr-25 09:34:50.582 [Task monitor] DEBUG n.processor.TaskPollingMonitor - Task completed > TaskHandler[id: 2; name: Runpermutation (1); status: COMPLETED; exit: 0; error: -; workDir: /media/vikas/fast/data/TEBAG/publication/scripts/evoproj/work/80/6966e9c39bf17c532e54e82ad186ea]
